******************************************************************************
               TMS320C6x Linker PC v7.2.3                      
******************************************************************************
>> Linked Wed Apr 27 15:50:02 2016

OUTPUT FILE NAME:   <Tetris.out>
ENTRY POINT SYMBOL: "_c_int00"  address: 10812320


MEMORY CONFIGURATION

         name            origin    length      used     unused   attr    fill
----------------------  --------  ---------  --------  --------  ----  --------
  L2RAM                 10800000   00020000  00015353  0000acad  RWIX
  DDR2                  80000000   20000000  00298b4c  1fd674b4  RWIX


SECTION ALLOCATION MAP

 output                                  attributes/
section   page    origin      length       input sections
--------  ----  ----------  ----------   ----------------
.data      0    10800000    00000000     UNINITIALIZED

.text      0    10800000    00009d00     
                  10800000    000072a0     main.obj (.text)
                  108072a0    00000780     morphOperations.obj (.text)
                  10807a20    00000540     kalman_filter.obj (.text)
                  10807f60    00000460     evmdm6437bsl.lib : evmdm6437_pll.obj (.text)
                  108083c0    000003a0                      : evmdm6437.obj (.text)
                  10808760    00000340     video_loopback_test.obj (.text)
                  10808aa0    00000300     evmdm6437bsl.lib : evmdm6437_flash_id.obj (.text)
                  10808da0    00000260                      : evmdm6437_i2c.obj (.text)
                  10809000    00000240                      : evmdm6437_psc.obj (.text)
                  10809240    00000200                      : evmdm6437_led.obj (.text)
                  10809440    00000200     tvp5146.obj (.text)
                  10809640    000001e0     evmdm6437bsl.lib : evmdm6437_i2c_gpio.obj (.text)
                  10809820    000001c0                      : evmdm6437_gpio.obj (.text)
                  108099e0    00000160                      : evmdm6437_ddr.obj (.text)
                  10809b40    00000140                      : evmdm6437_flash.obj (.text)
                  10809c80    00000080                      : evmdm6437_dip.obj (.text)

.text:rts 
*          0    10809d00    00008b20     
                  10809d00    00000980     rts64plus.lib : pow.obj (.text:_pow)
                  1080a680    000006a0                   : divd.obj (.text:__divd)
                  1080ad20    00000580                   : _printfi.obj (.text:__getarg_diouxp)
                  1080b2a0    00000480                   : _printfi.obj (.text:__setfield)
                  1080b720    00000460                   : _printfi.obj (.text:__printfi)
                  1080bb80    000003e0                   : divf.obj (.text:__divf)
                  1080bf60    00000300                   : addf.obj (.text:__addf)
                  1080c260    00000300                   : acos.obj (.text:_acos)
                  1080c560    00000300                   : _printfi.obj (.text:_ecvt)
                  1080c860    00000300                   : _printfi.obj (.text:_fcvt)
                  1080cb60    00000300                   : fputs.obj (.text:_fputs)
                  1080ce60    000002e0                   : _printfi.obj (.text:__pproc_fge)
                  1080d140    000002e0                   : _printfi.obj (.text:__pproc_fwp)
                  1080d420    000002a0                   : _printfi.obj (.text:__pconv_e)
                  1080d6c0    00000280                   : memory.obj (.text:_free)
                  1080d940    00000260                   : imath64.obj (.text:__divull)
                  1080dba0    00000260                   : mpyd.obj (.text:__mpyd)
                  1080de00    00000220                   : _printfi.obj (.text:__pproc_diouxp)
                  1080e020    00000220                   : _printfi.obj (.text:__pproc_str)
                  1080e240    00000220                   : sqrt.obj (.text:_sqrt)
                  1080e460    00000200                   : addd.obj (.text:__addd)
                  1080e660    00000200                   : frcaddd.obj (.text:__frcaddd)
                  1080e860    00000200                   : mpyf.obj (.text:__mpyf)
                  1080ea60    00000200                   : _printfi.obj (.text:__pconv_g)
                  1080ec60    000001c0                   : _printfi.obj (.text:__mcpy)
                  1080ee20    000001c0                   : ldexp.obj (.text:_ldexp)
                  1080efe0    000001a0                   : imath40.obj (.text:__divul)
                  1080f180    000001a0                   : frexp.obj (.text:_frexp)
                  1080f320    000001a0                   : setvbuf.obj (.text:_setvbuf)
                  1080f4c0    00000180                   : trgdrv.obj (.text:_HOSTrename)
                  1080f640    00000180                   : frcmpyd_div.obj (.text:__frcmpyd_div)
                  1080f7c0    00000180                   : memory.obj (.text:_malloc)
                  1080f940    00000140                   : fputc.obj (.text:_fputc)
                  1080fa80    00000140                   : lowlev.obj (.text:_getdevice)
                  1080fbc0    00000120                   : _printfi.obj (.text:__pproc_fflags)
                  1080fce0    00000120                   : fclose.obj (.text:_fclose)
                  1080fe00    00000100                   : trgdrv.obj (.text:_HOSTlseek)
                  1080ff00    00000100                   : autoinit.obj (.text:__auto_init)
                  10810000    00000100                   : frcmpyd.obj (.text:__frcmpyd)
                  10810100    00000100                   : _printfi.obj (.text:__ltostr)
                  10810200    00000100                   : round.obj (.text:__nround)
                  10810300    00000100                   : _io_perm.obj (.text:__wrt_ok)
                  10810400    000000e0                   : trgdrv.obj (.text:_HOSTopen)
                  108104e0    000000e0                   : cmpd.obj (.text:__cmpd)
                  108105c0    000000e0                   : divi.obj (.text:__divi)
                  108106a0    000000e0                   : atoi.obj (.text:_atoi)
                  10810780    000000e0                   : lowlev.obj (.text:_close)
                  10810860    000000e0                   : memset.obj (.text:_memset)
                  10810940    000000c0                   : trgdrv.obj (.text:_HOSTread)
                  10810a00    000000c0                   : trgdrv.obj (.text:_HOSTunlink)
                  10810ac0    000000c0                   : trgdrv.obj (.text:_HOSTwrite)
                  10810b80    000000c0                   : fopen.obj (.text:__cleanup)
                  10810c40    000000c0                   : _printfi.obj (.text:__div)
                  10810d00    000000c0                   : divu.obj (.text:__divu)
                  10810dc0    000000c0                   : fflush.obj (.text:__doflush)
                  10810e80    000000c0                   : remi.obj (.text:__remi)
                  10810f40    000000c0                   : fseek.obj (.text:_fseek)
                  10811000    000000c0                   : lowlev.obj (.text:_lseek)
                  108110c0    000000c0                   : ltoa.obj (.text:_ltoa)
                  10811180    000000c0                   : modf.obj (.text:_modf)
                  10811240    000000c0                   : lowlev.obj (.text:_write)
                  10811300    000000a0                   : trgdrv.obj (.text:_HOSTclose)
                  108113a0    000000a0                   : trgdrv.obj (.text:_HOSTtime)
                  10811440    000000a0                   : cvtdf.obj (.text:__cvtdf)
                  108114e0    000000a0                   : imath40.obj (.text:__divli)
                  10811580    000000a0                   : _printfi.obj (.text:__ecpy)
                  10811620    000000a0                   : _printfi.obj (.text:__fcpy)
                  108116c0    000000a0                   : fixdli.obj (.text:__fixdli)
                  10811760    000000a0                   : frcmpyf_div.obj (.text:__frcmpyf_div)
                  10811800    000000a0                   : _printfi.obj (.text:__pconv_f)
                  108118a0    000000a0                   : cpy_tbl.obj (.text:_copy_in)
                  10811940    000000a0                   : lowlev.obj (.text:_finddevice)
                  108119e0    000000a0                   : memcpy64.obj (.text:_memcpy)
                  10811a80    000000a0                   : memory.obj (.text:_minsert)
                  10811b20    000000a0                   : memory.obj (.text:_mremove)
                  10811bc0    00000080                   : cmpf.obj (.text:__cmpf)
                  10811c40    00000080                   : fixdi.obj (.text:__fixdi)
                  10811cc0    00000080                   : fixdu.obj (.text:__fixdu)
                  10811d40    00000080                   : fixfi.obj (.text:__fixfi)
                  10811dc0    00000080                   : fixfu.obj (.text:__fixfu)
                  10811e40    00000080                   : fltlid.obj (.text:__fltlid)
                  10811ec0    00000080                   : llshift.obj (.text:__llshl)
                  10811f40    00000080                   : renormd.obj (.text:__renormd)
                  10811fc0    00000080                   : printf.obj (.text:_printf)
                  10812040    00000080                   : rand.obj (.text:_rand)
                  108120c0    00000080                   : lowlev.obj (.text:_unlink)
                  10812140    00000060                   : cvtfd.obj (.text:__cvtfd)
                  108121a0    00000060                   : fltid.obj (.text:__fltid)
                  10812200    00000060                   : fltif.obj (.text:__fltif)
                  10812260    00000060                   : frcmpyf.obj (.text:__frcmpyf)
                  108122c0    00000060                   : imath64.obj (.text:__subcull)
                  10812320    00000060                   : boot.obj (.text:_c_int00)
                  10812380    00000060                   : memccpy.obj (.text:_memccpy)
                  108123e0    00000060                   : rand.obj (.text:_srand)
                  10812440    00000040                   : isinf.obj (.text:___isinf)
                  10812480    00000040                   : _printfi.obj (.text:___isnan)
                  108124c0    00000040                   : divd.obj (.text:___isnan)
                  10812500    00000040                   : args_main.obj (.text:__args_main)
                  10812540    00000040                   : fltud.obj (.text:__fltud)
                  10812580    00000040                   : fltuf.obj (.text:__fltuf)
                  108125c0    00000040                   : llshift.obj (.text:__llshru)
                  10812600    00000040                   : negd.obj (.text:__negd)
                  10812640    00000040                   : imath40.obj (.text:__remli)
                  10812680    00000040                   : subd.obj (.text:__subd)
                  108126c0    00000040                   : subf.obj (.text:__subf)
                  10812700    00000040                   : time.obj (.text:_time)
                  10812740    00000020                   : divf.obj (.text:___isnanf)
                  10812760    00000020                   : negll.obj (.text:__negll)
                  10812780    00000020                   : _lock.obj (.text:__nop)
                  108127a0    00000020                   : printf.obj (.text:__outc)
                  108127c0    00000020                   : printf.obj (.text:__outs)
                  108127e0    00000020                   : trunc.obj (.text:__trunc)
                  10812800    00000020                   : remove.obj (.text:_remove)

.stack     0    10812820    00001000     UNINITIALIZED
                  10812820    00000008     rts64plus.lib : boot.obj (.stack)
                  10812828    00000ff8     --HOLE--

.sysmem    0    10813820    00001000     UNINITIALIZED
                  10813820    00000008     rts64plus.lib : memory.obj (.sysmem)
                  10813828    00000ff8     --HOLE--

.const     0    10814820    00000710     
                  10814820    00000400     main.obj (.const:_$P$T0$1)
                  10814c20    00000101     rts64plus.lib : ctype.obj (.const:__ctypes_)
                  10814d21    00000002                   : fputs.obj (.const:.string)
                  10814d23    00000001     --HOLE-- [fill = 0]
                  10814d24    000000b0     video_loopback_test.obj (.const:.string)
                  10814dd4    00000004     --HOLE-- [fill = 0]
                  10814dd8    00000040     main.obj (.const:_$P$T3$4)
                  10814e18    00000023     rts64plus.lib : _printfi.obj (.const:.string)
                  10814e3b    00000001     --HOLE-- [fill = 0]
                  10814e3c    00000014     main.obj (.const:.string)
                  10814e50    00000012     morphOperations.obj (.const:_$P$T0$1)
                  10814e62    00000006     --HOLE-- [fill = 0]
                  10814e68    00000012     morphOperations.obj (.const:_$P$T1$2)
                  10814e7a    00000006     --HOLE-- [fill = 0]
                  10814e80    00000012     morphOperations.obj (.const:_$P$T2$3)
                  10814e92    00000006     --HOLE-- [fill = 0]
                  10814e98    00000012     morphOperations.obj (.const:_$P$T3$4)
                  10814eaa    00000006     --HOLE-- [fill = 0]
                  10814eb0    00000012     morphOperations.obj (.const:_$P$T4$5)
                  10814ec2    00000006     --HOLE-- [fill = 0]
                  10814ec8    00000012     morphOperations.obj (.const:_$P$T5$6)
                  10814eda    00000006     --HOLE-- [fill = 0]
                  10814ee0    00000012     morphOperations.obj (.const:_$P$T6$7)
                  10814ef2    00000006     --HOLE-- [fill = 0]
                  10814ef8    00000012     morphOperations.obj (.const:_$P$T7$8)
                  10814f0a    00000002     --HOLE-- [fill = 0]
                  10814f0c    00000010     main.obj (.const)
                  10814f1c    00000004     --HOLE-- [fill = 0]
                  10814f20    00000008     rts64plus.lib : divd.obj (.const:_initial_approx$1)
                  10814f28    00000008                   : divf.obj (.const:_initial_approx$1)

.text:cio 
*          0    10814f40    000001e0     
                  10814f40    000000e0     rts64plus.lib : exit.obj (.text:_exit)
                  10815020    00000080                   : trgmsg.obj (.text:_readmsg)
                  108150a0    00000060                   : trgmsg.obj (.text:_writemsg)
                  10815100    00000020                   : exit.obj (.text:_abort)

.cio       0    10815120    00000120     UNINITIALIZED
                  10815120    00000120     rts64plus.lib : trgmsg.obj (.cio)

.bss       0    10815240    000000e7     UNINITIALIZED
                  10815240    000000cc     main.obj (.bss)
                  1081530c    00000010     evmdm6437bsl.lib : evmdm6437_flash_id.obj (.bss)
                  1081531c    00000004                      : evmdm6437_i2c.obj (.bss)
                  10815320    00000004                      : evmdm6437_psc.obj (.bss)
                  10815324    00000003     tvp5146.obj (.bss)

.switch    0    10815328    0000003c     
                  10815328    00000020     evmdm6437bsl.lib : evmdm6437.obj (.switch)
                  10815348    0000001c     main.obj (.switch:_Create_Block)

.ddr2      0    80000000    00225190     UNINITIALIZED
                  80000000    00225190     main.obj (.ddr2)

.far       0    80225190    0005f470     UNINITIALIZED
                  80225190    0005ef68     main.obj (.far)
                  802840f8    00000194     rts64plus.lib : defs.obj (.far)
                  8028428c    00000004                   : errno.obj (.far)
                  80284290    00000120                   : pow.obj (.far)
                  802843b0    000000d0                   : trgdrv.obj (.far)
                  80284480    000000cc                   : lowlev.obj (.far)
                  8028454c    00000004                   : fopen.obj (.far)
                  80284550    00000060                   : acos.obj (.far)
                  802845b0    00000020     evmdm6437bsl.lib : evmdm6437_gpio.obj (.far)
                  802845d0    0000000c                      : evmdm6437_flash_id.obj (.far)
                  802845dc    0000000c     rts64plus.lib : exit.obj (.far)
                  802845e8    00000008                   : _lock.obj (.far)
                  802845f0    00000008                   : memory.obj (.far)
                  802845f8    00000008                   : rand.obj (.far)

.cinit     0    80284600    0001454c     
                  80284600    00014174     main.obj (.cinit)
                  80298774    00000004     --HOLE-- [fill = 0]
                  80298778    00000140     rts64plus.lib : pow.obj (.cinit)
                  802988b8    00000068                   : acos.obj (.cinit)
                  80298920    0000005c                   : defs.obj (.cinit)
                  8029897c    00000004     --HOLE-- [fill = 0]
                  80298980    0000005c                   : lowlev.obj (.cinit)
                  802989dc    00000004     --HOLE-- [fill = 0]
                  802989e0    00000058     evmdm6437bsl.lib : evmdm6437_gpio.obj (.cinit)
                  80298a38    0000003c                      : evmdm6437_flash_id.obj (.cinit)
                  80298a74    00000004     --HOLE-- [fill = 0]
                  80298a78    0000002c     rts64plus.lib : exit.obj (.cinit)
                  80298aa4    00000004     --HOLE-- [fill = 0]
                  80298aa8    0000002c                   : memory.obj (.cinit)
                  80298ad4    00000004     --HOLE-- [fill = 0]
                  80298ad8    0000001c                   : _lock.obj (.cinit)
                  80298af4    00000004     --HOLE-- [fill = 0]
                  80298af8    00000010                   : rand.obj (.cinit)
                  80298b08    0000000c     evmdm6437bsl.lib : evmdm6437_i2c.obj (.cinit)
                  80298b14    00000004     --HOLE-- [fill = 0]
                  80298b18    0000000c                      : evmdm6437_psc.obj (.cinit)
                  80298b24    00000004     --HOLE-- [fill = 0]
                  80298b28    0000000c     rts64plus.lib : errno.obj (.cinit)
                  80298b34    00000004     --HOLE-- [fill = 0]
                  80298b38    0000000c                   : fopen.obj (.cinit)
                  80298b44    00000004     --HOLE-- [fill = 0]
                  80298b48    00000004     (.pad.cinit) [fill = 0]


GLOBAL SYMBOLS: SORTED ALPHABETICALLY BY Name 

address    name
--------   ----
10815240   $bss
10815240   .bss
10800000   .data
10800000   .text
10815100   C$$EXIT
108150f8   C$$IO$$
80165800   _Buffer_input
8022fa50   _Buffer_output
802840ac   _COF
802840a4   _COG
10800c14   _ContourTracing
10806fc8   _Copy
10803270   _Create_Block
10806f08   _DisplayUI
108051b4   _Display_Block
108099e0   _EVMDM6437_DDR_init
10809c8c   _EVMDM6437_DIP_get
10809c80   _EVMDM6437_DIP_init
10808bb8   _EVMDM6437_FLASH_getTotalPages
10809b40   _EVMDM6437_FLASH_init
10809964   _EVMDM6437_GPIO_getInput
10809820   _EVMDM6437_GPIO_init
10809834   _EVMDM6437_GPIO_setDir
108098d4   _EVMDM6437_GPIO_setOutput
108097e0   _EVMDM6437_I2C_GPIO_checkIntr
10809754   _EVMDM6437_I2C_GPIO_getInput
10809658   _EVMDM6437_I2C_GPIO_getall
10809640   _EVMDM6437_I2C_GPIO_init
108096a4   _EVMDM6437_I2C_GPIO_setOutput
10809680   _EVMDM6437_I2C_GPIO_setall
108097a8   _EVMDM6437_I2C_GPIO_setupIntr
108097f0   _EVMDM6437_I2C_GPIO_waitForIntr
10808de0   _EVMDM6437_I2C_close
10808da0   _EVMDM6437_I2C_init
10808f00   _EVMDM6437_I2C_read
10808df4   _EVMDM6437_I2C_reset
10808e08   _EVMDM6437_I2C_write
10809240   _EVMDM6437_LED_init
108092e0   _EVMDM6437_LED_off
10809250   _EVMDM6437_LED_on
1080936c   _EVMDM6437_LED_toggle
108090b0   _EVMDM6437_PSC_changeState
10809000   _EVMDM6437_PSC_enableAll
10807f60   _EVMDM6437_enablePll1
10808164   _EVMDM6437_enablePll2
10808420   _EVMDM6437_init
108083c0   _EVMDM6437_startupGEL
10811300   _HOSTclose
1080fe00   _HOSTlseek
10810400   _HOSTopen
10810940   _HOSTread
1080f4c0   _HOSTrename
108113a0   _HOSTtime
10810a00   _HOSTunlink
10810ac0   _HOSTwrite
10806ec8   _Inv_1
10806e44   _Inv_2
10806db8   _Inv_3
10803a84   _Move_AI
10803380   _Rotate_Block
10805068   _RotationDetect
10800690   _Yuv422to1Channel
10815120   __CIOBUF_
10808aa0   __FLASH_getId
10808ba4   __FLASH_getMfg
10808cf8   __FLASH_getPageLength
10808d04   __FLASH_nextPage
10809b8c   __FLASH_waitWhileErasing
10809bf8   __FLASH_waitWhileProgramming
10813820   __STACK_END
00001000   __STACK_SIZE
00001000   __SYSMEM_SIZE
00000001   __TI_args_main
802845e4   ___TI_enable_exit_profile_output
ffffffff   ___TI_pprof_out_hndl
ffffffff   ___TI_prof_data_size
ffffffff   ___TI_prof_data_start
ffffffff   ___binit__
10815240   ___bss__
ffffffff   ___c_args__
80284600   ___cinit__
10800000   ___data__
10800000   ___edata__
10815327   ___end__
10809d00   ___etext__
10812440   ___isinf
ffffffff   ___pinit__
10800000   ___text__
1080e460   __addd
1080bf60   __addf
10812500   __args_main
1080ff00   __auto_init
108105c0   __c6xabi_divi
10810d00   __c6xabi_divu
10810e80   __c6xabi_remi
10810b80   __cleanup
802845dc   __cleanup_ptr
108084d4   __clrPinMux
108104e0   __cmpd
10811bc0   __cmpf
10814c20   __ctypes_
10811440   __cvtdf
10812140   __cvtfd
1080a680   __divd
1080bb80   __divf
108105c0   __divi
108114e0   __divli
10810d00   __divu
1080efe0   __divul
1080d940   __divull
10810dc0   __doflush
802845e0   __dtors_ptr
10811c40   __fixdi
108116c0   __fixdli
10811cc0   __fixdu
10811d40   __fixfi
10811dc0   __fixfu
108121a0   __fltid
10812200   __fltif
10811e40   __fltlid
10812540   __fltud
10812580   __fltuf
1080e660   __frcaddd
10810000   __frcmpyd
1080f640   __frcmpyd_div
10812260   __frcmpyf
10811760   __frcmpyf_div
80284288   __ft_end
802840f8   __ftable
10811ec0   __llshl
108125c0   __llshru
802845e8   __lock
1080dba0   __mpyd
1080e860   __mpyf
10812600   __negd
10812760   __negll
10812780   __nop
10810200   __nround
1080b720   __printfi
10810e80   __remi
10812640   __remli
10811f40   __renormd
10808518   __resetEMIF
10808490   __setPinMux
10808614   __setupEMIF
10808454   __setupPinMux
10812820   __stack
108122c0   __subcull
10812680   __subd
108126c0   __subf
10813820   __sys_memory
802841e8   __tmpnams
108127e0   __trunc
802845ec   __unlock
108086f8   __wait
1080872c   __waitusec
10810300   __wrt_ok
10815100   _abort
10815254   _accumAngle
1080c260   _acos
108106a0   _atoi
108152a0   _b
108152a4   _b2
80225090   _block_curL
802250d0   _block_curR
80225010   _block_preL
80225050   _block_preR
802840b8   _block_sudden
80225150   _block_temp
108152dc   _bonus_L
108152e0   _bonus_R
800a8c00   _buffer_in
80000000   _buffer_out
10812320   _c_int00
108152a8   _changeL
108152ac   _changeR
108152b0   _checkR
10815326   _chipid_lsb
10815325   _chipid_msb
10810780   _close
1081528c   _combo_L
10815290   _combo_R
1081524c   _command
108118a0   _copy_in
10815288   _delay
108152e4   _dip0
108152e6   _dip1
108152e8   _dip2
108152ea   _dip3
10801d18   _display
10800950   _downSampling
80225190   _downsized_buff
8022a5f0   _downsized_out
8028428c   _errno
10814f40   _exit
1080fce0   _fclose
80223710   _field_left
80223a30   _field_right
802249d0   _field_wr1
80224cf0   _field_wr2
80223580   _fingerAngle
10815258   _fingerDetected
801f9280   _fingertipx
8020e400   _fingertipy
1080f940   _fputc
1080cb60   _fputs
1080d6c0   _free
1080f180   _frexp
10810f40   _fseek
10803840   _game_init
1081525c   _handStart_x
10815260   _handStart_y
108152b4   _holect
108152d0   _hp
108152d4   _hp2
1081531c   _i2c_timeout
80151800   _img
10815244   _imgHeight
10815240   _imgWidth
10807e70   _kalman1_filter
10807e48   _kalman1_init
10807a78   _kalman2_filter
10807a20   _kalman2_init
1080ee20   _ldexp
10815280   _lines_L
10815284   _lines_R
10811000   _lseek
108110c0   _ltoa
108053ec   _main
1080f7c0   _malloc
10812380   _memccpy
108119e0   _memcpy
10810860   _memset
80225110   _miniblock
10811180   _modf
10807658   _morphDilation
108072a0   _morphErosion
801e4100   _myAngle
10815264   _name
10815268   _name_curL
1081526c   _name_curR
10815270   _name_preL
10815274   _name_preR
108009f0   _otsu2
801b9e00   _pChainCodex
801cef80   _pChainCodey
108034f8   _penalty
10815278   _play
10809d00   _pow
10815250   _preAngle
10811fc0   _printf
1080f940   _putc
10812040   _rand
10815020   _readmsg
10812800   _remove
10802f04   _rgb2ycbcr
10815324   _rom_version
10815294   _score_L
10815298   _score_R
10815248   _segmentation_T
1080f320   _setvbuf
108152b8   _shifts
108152bc   _shifts2
1080e240   _sqrt
108123e0   _srand
80284088   _stateAngle
80284050   _statex
8028406c   _statey
1081529c   _sum
108152d8   _target_x
108028d8   _test
10801e88   _test2
108013d4   _test3
10812700   _time
1081527c   _timer
10800370   _track
80223d50   _try_left1
80224390   _try_left2
80224070   _try_right1
802246b0   _try_right2
108094a0   _tvp5146_init
10809464   _tvp5146_rget
10809440   _tvp5146_rset
108120c0   _unlink
108152c8   _val_max
108152c0   _value1
108152c4   _value2
1080888c   _video_loopback_test
10811240   _write
108150a0   _writemsg
108152ec   _x_posL
108152f4   _x_posR0
108152fc   _x_posR1
10815304   _x_posR2
108152cc   _y_min
108152f0   _y_posL
108152f8   _y_posR0
10815300   _y_posR1
10815308   _y_posR2
10800000   _ycbcr2rgb
ffffffff   binit
80284600   cinit
10800000   edata
10815327   end
10809d00   etext
ffffffff   pinit


GLOBAL SYMBOLS: SORTED BY Symbol Address 

address    name
--------   ----
00000001   __TI_args_main
00001000   __STACK_SIZE
00001000   __SYSMEM_SIZE
10800000   .data
10800000   .text
10800000   ___data__
10800000   ___edata__
10800000   ___text__
10800000   _ycbcr2rgb
10800000   edata
10800370   _track
10800690   _Yuv422to1Channel
10800950   _downSampling
108009f0   _otsu2
10800c14   _ContourTracing
108013d4   _test3
10801d18   _display
10801e88   _test2
108028d8   _test
10802f04   _rgb2ycbcr
10803270   _Create_Block
10803380   _Rotate_Block
108034f8   _penalty
10803840   _game_init
10803a84   _Move_AI
10805068   _RotationDetect
108051b4   _Display_Block
108053ec   _main
10806db8   _Inv_3
10806e44   _Inv_2
10806ec8   _Inv_1
10806f08   _DisplayUI
10806fc8   _Copy
108072a0   _morphErosion
10807658   _morphDilation
10807a20   _kalman2_init
10807a78   _kalman2_filter
10807e48   _kalman1_init
10807e70   _kalman1_filter
10807f60   _EVMDM6437_enablePll1
10808164   _EVMDM6437_enablePll2
108083c0   _EVMDM6437_startupGEL
10808420   _EVMDM6437_init
10808454   __setupPinMux
10808490   __setPinMux
108084d4   __clrPinMux
10808518   __resetEMIF
10808614   __setupEMIF
108086f8   __wait
1080872c   __waitusec
1080888c   _video_loopback_test
10808aa0   __FLASH_getId
10808ba4   __FLASH_getMfg
10808bb8   _EVMDM6437_FLASH_getTotalPages
10808cf8   __FLASH_getPageLength
10808d04   __FLASH_nextPage
10808da0   _EVMDM6437_I2C_init
10808de0   _EVMDM6437_I2C_close
10808df4   _EVMDM6437_I2C_reset
10808e08   _EVMDM6437_I2C_write
10808f00   _EVMDM6437_I2C_read
10809000   _EVMDM6437_PSC_enableAll
108090b0   _EVMDM6437_PSC_changeState
10809240   _EVMDM6437_LED_init
10809250   _EVMDM6437_LED_on
108092e0   _EVMDM6437_LED_off
1080936c   _EVMDM6437_LED_toggle
10809440   _tvp5146_rset
10809464   _tvp5146_rget
108094a0   _tvp5146_init
10809640   _EVMDM6437_I2C_GPIO_init
10809658   _EVMDM6437_I2C_GPIO_getall
10809680   _EVMDM6437_I2C_GPIO_setall
108096a4   _EVMDM6437_I2C_GPIO_setOutput
10809754   _EVMDM6437_I2C_GPIO_getInput
108097a8   _EVMDM6437_I2C_GPIO_setupIntr
108097e0   _EVMDM6437_I2C_GPIO_checkIntr
108097f0   _EVMDM6437_I2C_GPIO_waitForIntr
10809820   _EVMDM6437_GPIO_init
10809834   _EVMDM6437_GPIO_setDir
108098d4   _EVMDM6437_GPIO_setOutput
10809964   _EVMDM6437_GPIO_getInput
108099e0   _EVMDM6437_DDR_init
10809b40   _EVMDM6437_FLASH_init
10809b8c   __FLASH_waitWhileErasing
10809bf8   __FLASH_waitWhileProgramming
10809c80   _EVMDM6437_DIP_init
10809c8c   _EVMDM6437_DIP_get
10809d00   ___etext__
10809d00   _pow
10809d00   etext
1080a680   __divd
1080b720   __printfi
1080bb80   __divf
1080bf60   __addf
1080c260   _acos
1080cb60   _fputs
1080d6c0   _free
1080d940   __divull
1080dba0   __mpyd
1080e240   _sqrt
1080e460   __addd
1080e660   __frcaddd
1080e860   __mpyf
1080ee20   _ldexp
1080efe0   __divul
1080f180   _frexp
1080f320   _setvbuf
1080f4c0   _HOSTrename
1080f640   __frcmpyd_div
1080f7c0   _malloc
1080f940   _fputc
1080f940   _putc
1080fce0   _fclose
1080fe00   _HOSTlseek
1080ff00   __auto_init
10810000   __frcmpyd
10810200   __nround
10810300   __wrt_ok
10810400   _HOSTopen
108104e0   __cmpd
108105c0   __c6xabi_divi
108105c0   __divi
108106a0   _atoi
10810780   _close
10810860   _memset
10810940   _HOSTread
10810a00   _HOSTunlink
10810ac0   _HOSTwrite
10810b80   __cleanup
10810d00   __c6xabi_divu
10810d00   __divu
10810dc0   __doflush
10810e80   __c6xabi_remi
10810e80   __remi
10810f40   _fseek
10811000   _lseek
108110c0   _ltoa
10811180   _modf
10811240   _write
10811300   _HOSTclose
108113a0   _HOSTtime
10811440   __cvtdf
108114e0   __divli
108116c0   __fixdli
10811760   __frcmpyf_div
108118a0   _copy_in
108119e0   _memcpy
10811bc0   __cmpf
10811c40   __fixdi
10811cc0   __fixdu
10811d40   __fixfi
10811dc0   __fixfu
10811e40   __fltlid
10811ec0   __llshl
10811f40   __renormd
10811fc0   _printf
10812040   _rand
108120c0   _unlink
10812140   __cvtfd
108121a0   __fltid
10812200   __fltif
10812260   __frcmpyf
108122c0   __subcull
10812320   _c_int00
10812380   _memccpy
108123e0   _srand
10812440   ___isinf
10812500   __args_main
10812540   __fltud
10812580   __fltuf
108125c0   __llshru
10812600   __negd
10812640   __remli
10812680   __subd
108126c0   __subf
10812700   _time
10812760   __negll
10812780   __nop
108127e0   __trunc
10812800   _remove
10812820   __stack
10813820   __STACK_END
10813820   __sys_memory
10814c20   __ctypes_
10814f40   _exit
10815020   _readmsg
108150a0   _writemsg
108150f8   C$$IO$$
10815100   C$$EXIT
10815100   _abort
10815120   __CIOBUF_
10815240   $bss
10815240   .bss
10815240   ___bss__
10815240   _imgWidth
10815244   _imgHeight
10815248   _segmentation_T
1081524c   _command
10815250   _preAngle
10815254   _accumAngle
10815258   _fingerDetected
1081525c   _handStart_x
10815260   _handStart_y
10815264   _name
10815268   _name_curL
1081526c   _name_curR
10815270   _name_preL
10815274   _name_preR
10815278   _play
1081527c   _timer
10815280   _lines_L
10815284   _lines_R
10815288   _delay
1081528c   _combo_L
10815290   _combo_R
10815294   _score_L
10815298   _score_R
1081529c   _sum
108152a0   _b
108152a4   _b2
108152a8   _changeL
108152ac   _changeR
108152b0   _checkR
108152b4   _holect
108152b8   _shifts
108152bc   _shifts2
108152c0   _value1
108152c4   _value2
108152c8   _val_max
108152cc   _y_min
108152d0   _hp
108152d4   _hp2
108152d8   _target_x
108152dc   _bonus_L
108152e0   _bonus_R
108152e4   _dip0
108152e6   _dip1
108152e8   _dip2
108152ea   _dip3
108152ec   _x_posL
108152f0   _y_posL
108152f4   _x_posR0
108152f8   _y_posR0
108152fc   _x_posR1
10815300   _y_posR1
10815304   _x_posR2
10815308   _y_posR2
1081531c   _i2c_timeout
10815324   _rom_version
10815325   _chipid_msb
10815326   _chipid_lsb
10815327   ___end__
10815327   end
80000000   _buffer_out
800a8c00   _buffer_in
80151800   _img
80165800   _Buffer_input
801b9e00   _pChainCodex
801cef80   _pChainCodey
801e4100   _myAngle
801f9280   _fingertipx
8020e400   _fingertipy
80223580   _fingerAngle
80223710   _field_left
80223a30   _field_right
80223d50   _try_left1
80224070   _try_right1
80224390   _try_left2
802246b0   _try_right2
802249d0   _field_wr1
80224cf0   _field_wr2
80225010   _block_preL
80225050   _block_preR
80225090   _block_curL
802250d0   _block_curR
80225110   _miniblock
80225150   _block_temp
80225190   _downsized_buff
8022a5f0   _downsized_out
8022fa50   _Buffer_output
80284050   _statex
8028406c   _statey
80284088   _stateAngle
802840a4   _COG
802840ac   _COF
802840b8   _block_sudden
802840f8   __ftable
802841e8   __tmpnams
80284288   __ft_end
8028428c   _errno
802845dc   __cleanup_ptr
802845e0   __dtors_ptr
802845e4   ___TI_enable_exit_profile_output
802845e8   __lock
802845ec   __unlock
80284600   ___cinit__
80284600   cinit
ffffffff   ___TI_pprof_out_hndl
ffffffff   ___TI_prof_data_size
ffffffff   ___TI_prof_data_start
ffffffff   ___binit__
ffffffff   ___c_args__
ffffffff   ___pinit__
ffffffff   binit
ffffffff   pinit

[306 symbols]
